[mangopi.org/mangopi_mqquad.html]
[backblue.gif]
[fade.gif]
[index.html]
[mangopi.org/lib/exe/opensearch.php]
[mangopi.org/mangopi_mqquaddecf.html]
[mangopi.org/index.html]
[mangopi.org/lib/exe/manifest.php]
[mangopi.org/feed.php]
[mangopi.org/feed8be0.php]
[mangopi.org/_export/xhtml/mangopi_mqquad.html]
[mangopi.org/_export/raw/mangopi_mqquad.txt]
[mangopi.org/lib/exe/css5941.css]
[mangopi.org/lib/exe/jquery7c78.php]
[mangopi.org/lib/exe/js5941.php]
[mangopi.org/lib/tpl/dokuwiki/images/favicon.ico]
[mangopi.org/lib/tpl/dokuwiki/images/apple-touch-icon.png]
[mangopi.org/start.html]
[mangopi.org/_media/logo.png_;]
[mangopi.org/mangopi_mqquad51ef.html]
[mangopi.org/mangopi_mqquad810b.html]
[mangopi.org/mangopi_mqquad2681.html]
[mangopi.org/_detail/img_0663375f.html]
[mangopi.org/_media/img_0663.jpg_;]
[mangopi.org/_media/mq-quad-sch-v1p1.pdf_;]
[mangopi.org/_media/mq-quad-sch-v1p2.pdf_;]
[mangopi.org/_media/mq-quad_v1p2.zip_;]
[mangopi.org/_media/mq-quad-v12-bom-output.xlsx_;]
[mangopi.org/_media/h616_datasheet_v1.0.pdf_;]
[mangopi.org/_media/h616_user_manual_v1.0.pdf_;]
[mangopi.org/_media/axp313a_datasheet_v0.1-20201105.pdf_;]
[mangopi.org/_media/rtl8723ds-cg_datasheet_0.92_20170804.pdf_;]
[mangopi.org/_media/fn-link_fg6223asrd_datasheet_v2.1_20210728.pdf_;]
[mangopi.org/_media/tl8723dsa.pdf_;]
[mangopi.org/_media/mq-quad-rtl8723ds-5135-dns-uart0.img_;]
[mangopi.org/_media/phoenixcard4.2.8.zip_;]
[mangopi.org/_media/20220418135120.png_;]
[mangopi.org/_media/202204181351209aee.png_;]
[mangopi.org/_media/tina-linux-doc.zip_;]
[mangopi.org/mangopi_mqquad39b4.html]
[mangopi.org/mangopi_mqquad5f35.html]
[mangopi.org/mangopi_mqquad2271.html]
[mangopi.org/lib/tpl/dokuwiki/images/button-donate.gif]
[mangopi.org/lib/tpl/dokuwiki/images/button-php.gif]
[mangopi.org/lib/tpl/dokuwiki/images/button-html5.png]
[mangopi.org/lib/tpl/dokuwiki/images/button-css.png]
[mangopi.org/lib/tpl/dokuwiki/images/button-dw.png]
[mangopi.org/lib/exe/taskrunnerd805.gif]
[mangopi.org/mangopi_mqquad.html]
[mangopi.org/startdecf.html]
[mangopi.org/_export/xhtml/start.html]
[mangopi.org/_export/raw/start.txt]
[mangopi.org/start51ef.html]
[mangopi.org/start810b.html]
[mangopi.org/start2681.html]
[mangopi.org/start39b4.html]
[mangopi.org/start5f35.html]
[mangopi.org/start2271.html]
[mangopi.org/lib/exe/taskrunnere28a.gif]
[mangopi.org/index.html]
[mangopi.org/mangopi_mqquaddecf.html]
[mangopi.org/_export/xhtml/mangopi_mqquad.html]
[mangopi.org/lib/images/interwiki.svg]
[mangopi.org/lib/images/interwiki/wp.svg]
[mangopi.org/lib/images/interwiki/wpfr.svg]
[mangopi.org/lib/images/interwiki/wpde.svg]
[mangopi.org/lib/images/interwiki/wpes.svg]
[mangopi.org/lib/images/interwiki/wppl.svg]
[mangopi.org/lib/images/interwiki/wpjp.svg]
[mangopi.org/lib/images/interwiki/wpmeta.svg]
[mangopi.org/lib/images/interwiki/doku.svg]
[mangopi.org/lib/images/interwiki/amazon.svg]
[mangopi.org/lib/images/interwiki/amazon.de.svg]
[mangopi.org/lib/images/interwiki/amazon.uk.svg]
[mangopi.org/lib/images/interwiki/paypal.svg]
[mangopi.org/lib/images/interwiki/phpfn.svg]
[mangopi.org/lib/images/interwiki/skype.svg]
[mangopi.org/lib/images/interwiki/google.svg]
[mangopi.org/lib/images/interwiki/callto.svg]
[mangopi.org/lib/images/interwiki/tel.svg]
[mangopi.org/lib/images/fileicons/svg/file.svg]
[mangopi.org/lib/images/fileicons/svg/tgz.svg]
[mangopi.org/lib/images/fileicons/svg/h.svg]
[mangopi.org/lib/images/fileicons/svg/c.svg]
[mangopi.org/lib/images/fileicons/svg/7z.svg]
[mangopi.org/lib/images/fileicons/svg/png.svg]
[mangopi.org/lib/images/fileicons/svg/rpm.svg]
[mangopi.org/lib/images/fileicons/svg/doc.svg]
[mangopi.org/lib/images/fileicons/svg/ods.svg]
[mangopi.org/lib/images/fileicons/svg/json.svg]
[mangopi.org/lib/images/fileicons/svg/cs.svg]
[mangopi.org/lib/images/fileicons/svg/odt.svg]
[mangopi.org/lib/images/fileicons/svg/conf.svg]
[mangopi.org/lib/images/fileicons/svg/webm.svg]
[mangopi.org/lib/images/fileicons/svg/css.svg]
[mangopi.org/lib/images/fileicons/svg/jpg.svg]
[mangopi.org/lib/images/fileicons/svg/svg.svg]
[mangopi.org/lib/images/fileicons/svg/pptx.svg]
[mangopi.org/lib/images/fileicons/svg/wav.svg]
[mangopi.org/lib/images/fileicons/svg/gz.svg]
[mangopi.org/lib/images/fileicons/svg/cpp.svg]
[mangopi.org/lib/images/fileicons/svg/ppt.svg]
[mangopi.org/lib/images/fileicons/svg/bash.svg]
[mangopi.org/lib/images/fileicons/svg/php.svg]
[mangopi.org/lib/images/fileicons/svg/docx.svg]
[mangopi.org/lib/images/fileicons/svg/asm.svg]
[mangopi.org/lib/images/fileicons/svg/sql.svg]
[mangopi.org/lib/images/fileicons/svg/csv.svg]
[mangopi.org/lib/images/fileicons/svg/swf.svg]
[mangopi.org/lib/images/fileicons/svg/mp3.svg]
[mangopi.org/lib/images/fileicons/svg/jpeg.svg]
[mangopi.org/lib/images/fileicons/svg/ps.svg]
[mangopi.org/lib/images/fileicons/svg/html.svg]
[mangopi.org/lib/images/fileicons/svg/java.svg]
[mangopi.org/lib/images/fileicons/svg/ogg.svg]
[mangopi.org/lib/images/fileicons/svg/ogv.svg]
[mangopi.org/lib/images/fileicons/svg/js.svg]
[mangopi.org/lib/images/fileicons/svg/tar.svg]
[mangopi.org/lib/images/fileicons/svg/py.svg]
[mangopi.org/lib/images/fileicons/svg/xlsx.svg]
[mangopi.org/lib/images/fileicons/svg/htm.svg]
[mangopi.org/lib/images/fileicons/svg/rb.svg]
[mangopi.org/lib/images/fileicons/svg/xml.svg]
[mangopi.org/lib/images/fileicons/svg/pdf.svg]
[mangopi.org/lib/images/fileicons/svg/xls.svg]
[mangopi.org/lib/images/fileicons/svg/sh.svg]
[mangopi.org/lib/images/fileicons/svg/rar.svg]
[mangopi.org/lib/images/fileicons/svg/lua.svg]
[mangopi.org/lib/images/fileicons/svg/bz2.svg]
[mangopi.org/lib/images/fileicons/svg/pl.svg]
[mangopi.org/lib/images/fileicons/svg/ico.svg]
[mangopi.org/lib/images/fileicons/svg/csh.svg]
[mangopi.org/lib/images/fileicons/svg/zip.svg]
[mangopi.org/lib/images/fileicons/svg/gif.svg]
[mangopi.org/lib/images/fileicons/svg/deb.svg]
[mangopi.org/lib/images/fileicons/svg/mp4.svg]
[mangopi.org/lib/images/error.png]
[mangopi.org/lib/images/info.png]
[mangopi.org/lib/images/success.png]
[mangopi.org/lib/images/notify.png]
[mangopi.org/lib/scripts/jquery/jquery-ui-theme/images/ui-icons_222222_256x240.png]
[mangopi.org/lib/scripts/jquery/jquery-ui-theme/images/ui-icons_454545_256x240.png]
[mangopi.org/lib/scripts/jquery/jquery-ui-theme/images/ui-icons_2e83ff_256x240.png]
[mangopi.org/lib/scripts/jquery/jquery-ui-theme/images/ui-icons_cd0a0a_256x240.png]
[mangopi.org/lib/scripts/jquery/jquery-ui-theme/images/ui-icons_888888_256x240.png]
[mangopi.org/lib/plugins/acl/pix/group.png]
[mangopi.org/lib/plugins/acl/pix/user.png]
[mangopi.org/lib/plugins/acl/pix/page.png]
[mangopi.org/lib/plugins/acl/pix/ns.png]
[mangopi.org/lib/plugins/extension/images/bug.svg]
[mangopi.org/lib/plugins/extension/images/coffee.svg]
[mangopi.org/lib/plugins/wrap/images/note/48/info.png]
[mangopi.org/lib/plugins/wrap/images/note/16/info.png]
[mangopi.org/lib/plugins/wrap/images/note/48/important.png]
[mangopi.org/lib/plugins/wrap/images/note/16/important.png]
[mangopi.org/lib/plugins/wrap/images/note/48/alert.png]
[mangopi.org/lib/plugins/wrap/images/note/16/alert.png]
[mangopi.org/lib/plugins/wrap/images/note/48/tip.png]
[mangopi.org/lib/plugins/wrap/images/note/16/tip.png]
[mangopi.org/lib/plugins/wrap/images/note/48/help.png]
[mangopi.org/lib/plugins/wrap/images/note/16/help.png]
[mangopi.org/lib/plugins/wrap/images/note/48/todo.png]
[mangopi.org/lib/plugins/wrap/images/note/16/todo.png]
[mangopi.org/lib/plugins/wrap/images/note/48/download.png]
[mangopi.org/lib/plugins/wrap/images/note/16/download.png]
[mangopi.org/lib/images/icon-list.png]
[mangopi.org/lib/images/throbber.gif]
[mangopi.org/lib/images/external-link.svg]
[mangopi.org/lib/images/unc.svg]
[mangopi.org/lib/images/bullet.png]
[mangopi.org/lib/images/page.png]
[mangopi.org/lib/images/ns.png]
[mangopi.org/lib/exe/css5941.css]
[mangopi.org/lib/exe/taskrunner4c10.gif]
[mangopi.org/start.html]
[mangopi.org/mangopi_mqquad51ef.html]
[mangopi.org/mangopi_mqquad810b.html]
[mangopi.org/mangopi_mqquad2681.html]
[mangopi.org/lib/exe/css2889.css]
[mangopi.org/lib/exe/js2889.php]
[mangopi.org/_media/img_0663fce7.jpg_;]
[mangopi.org/_media/img_0663ccb9.jpg_;]
[mangopi.org/_detail/img_0663375f.html]
[mangopi.org/mangopi_mqquad39b4.html]
[mangopi.org/mangopi_mqquad5f35.html]
[mangopi.org/mangopi_mqquad2271.html]
[mangopi.org/startdecf.html]
[mangopi.org/_export/xhtml/start.html]
[mangopi.org/start51ef.html]
[mangopi.org/start810b.html]
[mangopi.org/start2681.html]
[mangopi.org/start39b4.html]
[mangopi.org/start5f35.html]
[mangopi.org/start2271.html]
[mangopi.org/lib/images/interwiki.svg]
[mangopi.org/lib/images/interwiki/wp.svg]
[mangopi.org/lib/images/interwiki/wpfr.svg]
[mangopi.org/lib/images/interwiki/wpde.svg]
[mangopi.org/lib/images/interwiki/wpes.svg]
[mangopi.org/lib/images/interwiki/wppl.svg]
[mangopi.org/lib/images/interwiki/wpjp.svg]
[mangopi.org/lib/images/interwiki/wpmeta.svg]
[mangopi.org/lib/images/interwiki/doku.svg]
[mangopi.org/lib/images/interwiki/amazon.svg]
[mangopi.org/lib/images/interwiki/amazon.de.svg]
[mangopi.org/lib/images/interwiki/amazon.uk.svg]
[mangopi.org/lib/images/interwiki/paypal.svg]
[mangopi.org/lib/images/interwiki/phpfn.svg]
[mangopi.org/lib/images/interwiki/skype.svg]
[mangopi.org/lib/images/interwiki/google.svg]
[mangopi.org/lib/images/interwiki/user.svg]
[mangopi.org/lib/images/interwiki/callto.svg]
[mangopi.org/lib/images/interwiki/tel.svg]
[mangopi.org/lib/images/fileicons/svg/file.svg]
[mangopi.org/lib/images/fileicons/svg/tgz.svg]
[mangopi.org/lib/images/fileicons/svg/h.svg]
[mangopi.org/lib/images/fileicons/svg/c.svg]
[mangopi.org/lib/images/fileicons/svg/7z.svg]
[mangopi.org/lib/images/fileicons/svg/png.svg]
[mangopi.org/lib/images/fileicons/svg/rpm.svg]
[mangopi.org/lib/images/fileicons/svg/doc.svg]
[mangopi.org/lib/images/fileicons/svg/ods.svg]
[mangopi.org/lib/images/fileicons/svg/json.svg]
[mangopi.org/lib/images/fileicons/svg/cs.svg]
[mangopi.org/lib/images/fileicons/svg/odt.svg]
[mangopi.org/lib/images/fileicons/svg/conf.svg]
[mangopi.org/lib/images/fileicons/svg/webm.svg]
[mangopi.org/lib/images/fileicons/svg/css.svg]
[mangopi.org/lib/images/fileicons/svg/jpg.svg]
[mangopi.org/lib/images/fileicons/svg/svg.svg]
[mangopi.org/lib/images/fileicons/svg/pptx.svg]
[mangopi.org/lib/images/fileicons/svg/wav.svg]
[mangopi.org/lib/images/fileicons/svg/gz.svg]
[mangopi.org/lib/images/fileicons/svg/rtf.svg]
[mangopi.org/lib/images/fileicons/svg/cpp.svg]
[mangopi.org/lib/images/fileicons/svg/ppt.svg]
[mangopi.org/lib/images/fileicons/svg/bash.svg]
[mangopi.org/lib/images/fileicons/svg/php.svg]
[mangopi.org/lib/images/fileicons/svg/docx.svg]
[mangopi.org/lib/images/fileicons/svg/asm.svg]
[mangopi.org/lib/images/fileicons/svg/sql.svg]
[mangopi.org/lib/images/fileicons/svg/csv.svg]
[mangopi.org/lib/images/fileicons/svg/swf.svg]
[mangopi.org/lib/images/fileicons/svg/txt.svg]
[mangopi.org/lib/images/fileicons/svg/mp3.svg]
[mangopi.org/lib/images/fileicons/svg/jpeg.svg]
[mangopi.org/lib/images/fileicons/svg/ps.svg]
[mangopi.org/lib/images/fileicons/svg/html.svg]
[mangopi.org/lib/images/fileicons/svg/java.svg]
[mangopi.org/lib/images/fileicons/svg/ogg.svg]
[mangopi.org/lib/images/fileicons/svg/ogv.svg]
[mangopi.org/lib/images/fileicons/svg/js.svg]
[mangopi.org/lib/images/fileicons/svg/tar.svg]
[mangopi.org/lib/images/fileicons/svg/py.svg]
[mangopi.org/lib/images/fileicons/svg/xlsx.svg]
[mangopi.org/lib/images/fileicons/svg/htm.svg]
[mangopi.org/lib/images/fileicons/svg/rb.svg]
[mangopi.org/lib/images/fileicons/svg/xml.svg]
[mangopi.org/lib/images/fileicons/svg/pdf.svg]
[mangopi.org/lib/images/fileicons/svg/xls.svg]
[mangopi.org/lib/images/fileicons/svg/sh.svg]
[mangopi.org/lib/images/fileicons/svg/rar.svg]
[mangopi.org/lib/images/fileicons/svg/lua.svg]
[mangopi.org/lib/images/fileicons/svg/bz2.svg]
[mangopi.org/lib/images/fileicons/svg/pl.svg]
[mangopi.org/lib/images/fileicons/svg/ico.svg]
[mangopi.org/lib/images/fileicons/svg/csh.svg]
[mangopi.org/lib/images/fileicons/svg/zip.svg]
[mangopi.org/lib/images/fileicons/svg/gif.svg]
[mangopi.org/lib/images/fileicons/svg/deb.svg]
[mangopi.org/lib/images/fileicons/svg/mp4.svg]
[mangopi.org/lib/plugins/extension/images/bug.svg]
[mangopi.org/lib/plugins/extension/images/coffee.svg]
[mangopi.org/lib/images/external-link.svg]
[mangopi.org/lib/images/unc.svg]
[mangopi.org/lib/images/email.svg]
[mangopi.org/lib/exe/css2889.css]
[mangopi.org/mqquad.html]
[mangopi.org/mqquaddecf.html]
[mangopi.org/_export/xhtml/mqquad.html]
[mangopi.org/_export/raw/mqquad.txt]
[mangopi.org/mqquad51ef.html]
[mangopi.org/mqquad810b.html]
[mangopi.org/mqquad2681.html]
[mangopi.org/_detail/img_06634f58.html]
[mangopi.org/mqquad39b4.html]
[mangopi.org/mqquad5f35.html]
[mangopi.org/mqquad2271.html]
[mangopi.org/lib/exe/taskrunnerd26a.gif]
[mangopi.org/mqquad.html]
[mangopi.org/mqquaddecf.html]
[mangopi.org/_export/xhtml/mqquad.html]
[mangopi.org/mqquad51ef.html]
[mangopi.org/mqquad810b.html]
[mangopi.org/mqquad2681.html]
[mangopi.org/_detail/img_06634f58.html]
[mangopi.org/mqquad39b4.html]
[mangopi.org/mqquad5f35.html]
[mangopi.org/mqquad2271.html]
